Analysis & Synthesis report for instructionCode
Tue Apr 26 23:28:23 2016
Quartus II 64-Bit Version 13.0.1 Build 232 06/12/2013 Service Pack 1 SJ Web Edition


---------------------
; Table of Contents ;
---------------------
  1. Legal Notice
  2. Analysis & Synthesis Summary
  3. Analysis & Synthesis Settings
  4. Parallel Compilation
  5. Analysis & Synthesis Source Files Read
  6. Analysis & Synthesis Resource Usage Summary
  7. Analysis & Synthesis Resource Utilization by Entity
  8. User-Specified and Inferred Latches
  9. General Register Statistics
 10. Multiplexer Restructuring Statistics (Restructuring Performed)
 11. Port Connectivity Checks: "incrreg:Increment|MBitAddorSub:cout"
 12. Port Connectivity Checks: "MBitAddorSub:AddSub|oneBitAdder:Bit7"
 13. Elapsed Time Per Partition
 14. Analysis & Synthesis Messages



----------------
; Legal Notice ;
----------------
Copyright (C) 1991-2013 Altera Corporation
Your use of Altera Corporation's design tools, logic functions 
and other software and tools, and its AMPP partner logic 
functions, and any output files from any of the foregoing 
(including device programming or simulation files), and any 
associated documentation or information are expressly subject 
to the terms and conditions of the Altera Program License 
Subscription Agreement, Altera MegaCore Function License 
Agreement, or other applicable license agreement, including, 
without limitation, that your use is for the sole purpose of 
programming logic devices manufactured by Altera and sold by 
Altera or its authorized distributors.  Please refer to the 
applicable agreement for further details.



+--------------------------------------------------------------------------------------+
; Analysis & Synthesis Summary                                                         ;
+------------------------------------+-------------------------------------------------+
; Analysis & Synthesis Status        ; Successful - Tue Apr 26 23:28:23 2016           ;
; Quartus II 64-Bit Version          ; 13.0.1 Build 232 06/12/2013 SP 1 SJ Web Edition ;
; Revision Name                      ; instructionCode                                 ;
; Top-level Entity Name              ; main                                            ;
; Family                             ; Cyclone IV GX                                   ;
; Total logic elements               ; 211                                             ;
;     Total combinational functions  ; 195                                             ;
;     Dedicated logic registers      ; 24                                              ;
; Total registers                    ; 24                                              ;
; Total pins                         ; 56                                              ;
; Total virtual pins                 ; 0                                               ;
; Total memory bits                  ; 0                                               ;
; Embedded Multiplier 9-bit elements ; 0                                               ;
; Total GXB Receiver Channel PCS     ; 0                                               ;
; Total GXB Receiver Channel PMA     ; 0                                               ;
; Total GXB Transmitter Channel PCS  ; 0                                               ;
; Total GXB Transmitter Channel PMA  ; 0                                               ;
; Total PLLs                         ; 0                                               ;
+------------------------------------+-------------------------------------------------+


+----------------------------------------------------------------------------------------------------------------------+
; Analysis & Synthesis Settings                                                                                        ;
+----------------------------------------------------------------------------+--------------------+--------------------+
; Option                                                                     ; Setting            ; Default Value      ;
+----------------------------------------------------------------------------+--------------------+--------------------+
; Top-level entity name                                                      ; main               ; instructionCode    ;
; Family name                                                                ; Cyclone IV GX      ; Cyclone IV GX      ;
; Use smart compilation                                                      ; Off                ; Off                ;
; Enable parallel Assembler and TimeQuest Timing Analyzer during compilation ; On                 ; On                 ;
; Enable compact report table                                                ; Off                ; Off                ;
; Restructure Multiplexers                                                   ; Auto               ; Auto               ;
; Create Debugging Nodes for IP Cores                                        ; Off                ; Off                ;
; Preserve fewer node names                                                  ; On                 ; On                 ;
; Disable OpenCore Plus hardware evaluation                                  ; Off                ; Off                ;
; Verilog Version                                                            ; Verilog_2001       ; Verilog_2001       ;
; VHDL Version                                                               ; VHDL_1993          ; VHDL_1993          ;
; State Machine Processing                                                   ; Auto               ; Auto               ;
; Safe State Machine                                                         ; Off                ; Off                ;
; Extract Verilog State Machines                                             ; On                 ; On                 ;
; Extract VHDL State Machines                                                ; On                 ; On                 ;
; Ignore Verilog initial constructs                                          ; Off                ; Off                ;
; Iteration limit for constant Verilog loops                                 ; 5000               ; 5000               ;
; Iteration limit for non-constant Verilog loops                             ; 250                ; 250                ;
; Add Pass-Through Logic to Inferred RAMs                                    ; On                 ; On                 ;
; Infer RAMs from Raw Logic                                                  ; On                 ; On                 ;
; Parallel Synthesis                                                         ; On                 ; On                 ;
; DSP Block Balancing                                                        ; Auto               ; Auto               ;
; NOT Gate Push-Back                                                         ; On                 ; On                 ;
; Power-Up Don't Care                                                        ; On                 ; On                 ;
; Remove Redundant Logic Cells                                               ; Off                ; Off                ;
; Remove Duplicate Registers                                                 ; On                 ; On                 ;
; Ignore CARRY Buffers                                                       ; Off                ; Off                ;
; Ignore CASCADE Buffers                                                     ; Off                ; Off                ;
; Ignore GLOBAL Buffers                                                      ; Off                ; Off                ;
; Ignore ROW GLOBAL Buffers                                                  ; Off                ; Off                ;
; Ignore LCELL Buffers                                                       ; Off                ; Off                ;
; Ignore SOFT Buffers                                                        ; On                 ; On                 ;
; Limit AHDL Integers to 32 Bits                                             ; Off                ; Off                ;
; Optimization Technique                                                     ; Balanced           ; Balanced           ;
; Carry Chain Length                                                         ; 70                 ; 70                 ;
; Auto Carry Chains                                                          ; On                 ; On                 ;
; Auto Open-Drain Pins                                                       ; On                 ; On                 ;
; Perform WYSIWYG Primitive Resynthesis                                      ; Off                ; Off                ;
; Auto ROM Replacement                                                       ; On                 ; On                 ;
; Auto RAM Replacement                                                       ; On                 ; On                 ;
; Auto DSP Block Replacement                                                 ; On                 ; On                 ;
; Auto Shift Register Replacement                                            ; Auto               ; Auto               ;
; Allow Shift Register Merging across Hierarchies                            ; Auto               ; Auto               ;
; Auto Clock Enable Replacement                                              ; On                 ; On                 ;
; Strict RAM Replacement                                                     ; Off                ; Off                ;
; Allow Synchronous Control Signals                                          ; On                 ; On                 ;
; Force Use of Synchronous Clear Signals                                     ; Off                ; Off                ;
; Auto RAM Block Balancing                                                   ; On                 ; On                 ;
; Auto RAM to Logic Cell Conversion                                          ; Off                ; Off                ;
; Auto Resource Sharing                                                      ; Off                ; Off                ;
; Allow Any RAM Size For Recognition                                         ; Off                ; Off                ;
; Allow Any ROM Size For Recognition                                         ; Off                ; Off                ;
; Allow Any Shift Register Size For Recognition                              ; Off                ; Off                ;
; Use LogicLock Constraints during Resource Balancing                        ; On                 ; On                 ;
; Ignore translate_off and synthesis_off directives                          ; Off                ; Off                ;
; Timing-Driven Synthesis                                                    ; On                 ; On                 ;
; Report Parameter Settings                                                  ; On                 ; On                 ;
; Report Source Assignments                                                  ; On                 ; On                 ;
; Report Connectivity Checks                                                 ; On                 ; On                 ;
; Ignore Maximum Fan-Out Assignments                                         ; Off                ; Off                ;
; Synchronization Register Chain Length                                      ; 2                  ; 2                  ;
; PowerPlay Power Optimization                                               ; Normal compilation ; Normal compilation ;
; HDL message level                                                          ; Level2             ; Level2             ;
; Suppress Register Optimization Related Messages                            ; Off                ; Off                ;
; Number of Removed Registers Reported in Synthesis Report                   ; 5000               ; 5000               ;
; Number of Swept Nodes Reported in Synthesis Report                         ; 5000               ; 5000               ;
; Number of Inverted Registers Reported in Synthesis Report                  ; 100                ; 100                ;
; Clock MUX Protection                                                       ; On                 ; On                 ;
; Auto Gated Clock Conversion                                                ; Off                ; Off                ;
; Block Design Naming                                                        ; Auto               ; Auto               ;
; SDC constraint protection                                                  ; Off                ; Off                ;
; Synthesis Effort                                                           ; Auto               ; Auto               ;
; Shift Register Replacement - Allow Asynchronous Clear Signal               ; On                 ; On                 ;
; Pre-Mapping Resynthesis Optimization                                       ; Off                ; Off                ;
; Analysis & Synthesis Message Level                                         ; Medium             ; Medium             ;
; Disable Register Merging Across Hierarchies                                ; Auto               ; Auto               ;
; Resource Aware Inference For Block RAM                                     ; On                 ; On                 ;
; Synthesis Seed                                                             ; 1                  ; 1                  ;
+----------------------------------------------------------------------------+--------------------+--------------------+


Parallel compilation was disabled, but you have multiple processors available. Enable parallel compilation to reduce compilation time.
+-------------------------------------+
; Parallel Compilation                ;
+----------------------------+--------+
; Processors                 ; Number ;
+----------------------------+--------+
; Number detected on machine ; 4      ;
; Maximum allowed            ; 1      ;
+----------------------------+--------+


+-----------------------------------------------------------------------------------------------------------------------------------------------+
; Analysis & Synthesis Source Files Read                                                                                                        ;
+----------------------------------+-----------------+-----------------------+--------------------------------------------------------+---------+
; File Name with User-Entered Path ; Used in Netlist ; File Type             ; File Name with Absolute Path                           ; Library ;
+----------------------------------+-----------------+-----------------------+--------------------------------------------------------+---------+
; MBitAddorSub.vhd                 ; yes             ; User VHDL File        ; C:/altera/13.0sp1/instructionCode/MBitAddorSub.vhd     ;         ;
; xand.vhd                         ; yes             ; User VHDL File        ; C:/altera/13.0sp1/instructionCode/xand.vhd             ;         ;
; shiftRight.vhd                   ; yes             ; User VHDL File        ; C:/altera/13.0sp1/instructionCode/shiftRight.vhd       ;         ;
; reg.vhd                          ; yes             ; User VHDL File        ; C:/altera/13.0sp1/instructionCode/reg.vhd              ;         ;
; movertr.vhd                      ; yes             ; User VHDL File        ; C:/altera/13.0sp1/instructionCode/movertr.vhd          ;         ;
; moveimmtr.vhd                    ; yes             ; User VHDL File        ; C:/altera/13.0sp1/instructionCode/moveimmtr.vhd        ;         ;
; incrreg.vhd                      ; yes             ; User VHDL File        ; C:/altera/13.0sp1/instructionCode/incrreg.vhd          ;         ;
; eOr.vhd                          ; yes             ; User VHDL File        ; C:/altera/13.0sp1/instructionCode/eOr.vhd              ;         ;
; Multiplexor.vhd                  ; yes             ; User VHDL File        ; C:/altera/13.0sp1/instructionCode/Multiplexor.vhd      ;         ;
; registerEnabler.vhd              ; yes             ; User VHDL File        ; C:/altera/13.0sp1/instructionCode/registerEnabler.vhd  ;         ;
; regMux.vhd                       ; yes             ; User VHDL File        ; C:/altera/13.0sp1/instructionCode/regMux.vhd           ;         ;
; Decoder.vhd                      ; yes             ; User VHDL File        ; C:/altera/13.0sp1/instructionCode/Decoder.vhd          ;         ;
; bitInverter.vhd                  ; yes             ; User VHDL File        ; C:/altera/13.0sp1/instructionCode/bitInverter.vhd      ;         ;
; main.vhd                         ; yes             ; User VHDL File        ; C:/altera/13.0sp1/instructionCode/main.vhd             ;         ;
; regMux2.vhd                      ; yes             ; User VHDL File        ; C:/altera/13.0sp1/instructionCode/regMux2.vhd          ;         ;
; processToDisplay.vhd             ; yes             ; User VHDL File        ; C:/altera/13.0sp1/instructionCode/processToDisplay.vhd ;         ;
; onebitadder.vhd                  ; yes             ; Auto-Found VHDL File  ; C:/altera/13.0sp1/instructionCode/onebitadder.vhd      ;         ;
; shiftleft.vhd                    ; yes             ; Auto-Found VHDL File  ; C:/altera/13.0sp1/instructionCode/shiftleft.vhd        ;         ;
+----------------------------------+-----------------+-----------------------+--------------------------------------------------------+---------+


+-----------------------------------------------+
; Analysis & Synthesis Resource Usage Summary   ;
+--------------------------+--------------------+
; Resource                 ; Usage              ;
+--------------------------+--------------------+
; I/O pins                 ; 56                 ;
; DSP block 9-bit elements ; 0                  ;
; Maximum fan-out node     ; Decoder:D|Equal1~2 ;
; Maximum fan-out          ; 38                 ;
; Total fan-out            ; 818                ;
; Average fan-out          ; 2.47               ;
+--------------------------+--------------------+


+----------------------------------------------------------------------------------------------------------------------------------------------------------------------------------------------------------------------------------+
; Analysis & Synthesis Resource Utilization by Entity                                                                                                                                                                              ;
+------------------------------+-------------------+--------------+-------------+--------------+---------+-----------+-----------+------+--------------+------------------------------------------------------------+--------------+
; Compilation Hierarchy Node   ; LC Combinationals ; LC Registers ; Memory Bits ; DSP Elements ; DSP 9x9 ; DSP 18x18 ; DSP 36x36 ; Pins ; Virtual Pins ; Full Hierarchy Name                                        ; Library Name ;
+------------------------------+-------------------+--------------+-------------+--------------+---------+-----------+-----------+------+--------------+------------------------------------------------------------+--------------+
; |main                        ; 195 (0)           ; 24 (0)       ; 0           ; 0            ; 0       ; 0         ; 0         ; 56   ; 0            ; |main                                                      ; work         ;
;    |Decoder:D|               ; 55 (55)           ; 0 (0)        ; 0           ; 0            ; 0       ; 0         ; 0         ; 0    ; 0            ; |main|Decoder:D                                            ; work         ;
;    |MBitAddorSub:AddSub|     ; 9 (0)             ; 0 (0)        ; 0           ; 0            ; 0       ; 0         ; 0         ; 0    ; 0            ; |main|MBitAddorSub:AddSub                                  ; work         ;
;       |oneBitAdder:Bit0|     ; 9 (9)             ; 0 (0)        ; 0           ; 0            ; 0       ; 0         ; 0         ; 0    ; 0            ; |main|MBitAddorSub:AddSub|oneBitAdder:Bit0                 ; work         ;
;    |Multiplexor:Mux|         ; 69 (69)           ; 0 (0)        ; 0           ; 0            ; 0       ; 0         ; 0         ; 0    ; 0            ; |main|Multiplexor:Mux                                      ; work         ;
;    |bitInverter:toInvert|    ; 30 (30)           ; 0 (0)        ; 0           ; 0            ; 0       ; 0         ; 0         ; 0    ; 0            ; |main|bitInverter:toInvert                                 ; work         ;
;    |incrreg:Increment|       ; 6 (0)             ; 0 (0)        ; 0           ; 0            ; 0       ; 0         ; 0         ; 0    ; 0            ; |main|incrreg:Increment                                    ; work         ;
;       |MBitAddorSub:cout|    ; 6 (0)             ; 0 (0)        ; 0           ; 0            ; 0       ; 0         ; 0         ; 0    ; 0            ; |main|incrreg:Increment|MBitAddorSub:cout                  ; work         ;
;          |oneBitAdder:Bit1|  ; 1 (1)             ; 0 (0)        ; 0           ; 0            ; 0       ; 0         ; 0         ; 0    ; 0            ; |main|incrreg:Increment|MBitAddorSub:cout|oneBitAdder:Bit1 ; work         ;
;          |oneBitAdder:Bit2|  ; 1 (1)             ; 0 (0)        ; 0           ; 0            ; 0       ; 0         ; 0         ; 0    ; 0            ; |main|incrreg:Increment|MBitAddorSub:cout|oneBitAdder:Bit2 ; work         ;
;          |oneBitAdder:Bit3|  ; 2 (2)             ; 0 (0)        ; 0           ; 0            ; 0       ; 0         ; 0         ; 0    ; 0            ; |main|incrreg:Increment|MBitAddorSub:cout|oneBitAdder:Bit3 ; work         ;
;          |oneBitAdder:Bit5|  ; 1 (1)             ; 0 (0)        ; 0           ; 0            ; 0       ; 0         ; 0         ; 0    ; 0            ; |main|incrreg:Increment|MBitAddorSub:cout|oneBitAdder:Bit5 ; work         ;
;          |oneBitAdder:Bit6|  ; 1 (1)             ; 0 (0)        ; 0           ; 0            ; 0       ; 0         ; 0         ; 0    ; 0            ; |main|incrreg:Increment|MBitAddorSub:cout|oneBitAdder:Bit6 ; work         ;
;    |processToDisplay:DisPro| ; 14 (14)           ; 0 (0)        ; 0           ; 0            ; 0       ; 0         ; 0         ; 0    ; 0            ; |main|processToDisplay:DisPro                              ; work         ;
;    |reg:AL|                  ; 0 (0)             ; 8 (8)        ; 0           ; 0            ; 0       ; 0         ; 0         ; 0    ; 0            ; |main|reg:AL                                               ; work         ;
;    |reg:BL|                  ; 0 (0)             ; 8 (8)        ; 0           ; 0            ; 0       ; 0         ; 0         ; 0    ; 0            ; |main|reg:BL                                               ; work         ;
;    |reg:Temp|                ; 0 (0)             ; 8 (8)        ; 0           ; 0            ; 0       ; 0         ; 0         ; 0    ; 0            ; |main|reg:Temp                                             ; work         ;
;    |regMux2:decideReg|       ; 2 (2)             ; 0 (0)        ; 0           ; 0            ; 0       ; 0         ; 0         ; 0    ; 0            ; |main|regMux2:decideReg                                    ; work         ;
;    |regMux:wRegPass|         ; 8 (8)             ; 0 (0)        ; 0           ; 0            ; 0       ; 0         ; 0         ; 0    ; 0            ; |main|regMux:wRegPass                                      ; work         ;
;    |registerEnabler:regE|    ; 2 (2)             ; 0 (0)        ; 0           ; 0            ; 0       ; 0         ; 0         ; 0    ; 0            ; |main|registerEnabler:regE                                 ; work         ;
+------------------------------+-------------------+--------------+-------------+--------------+---------+-----------+-----------+------+--------------+------------------------------------------------------------+--------------+
Note: For table entries with two numbers listed, the numbers in parentheses indicate the number of resources of the given type used by the specific entity alone. The numbers listed outside of parentheses indicate the total resources of the given type used by the specific entity and all of its sub-entities in the hierarchy.


+-----------------------------------------------------------------------------------------------------------+
; User-Specified and Inferred Latches                                                                       ;
+-----------------------------------------------------+----------------------------+------------------------+
; Latch Name                                          ; Latch Enable Signal        ; Free of Timing Hazards ;
+-----------------------------------------------------+----------------------------+------------------------+
; registerEnabler:regE|setA                           ; VCC                        ; yes                    ;
; registerEnabler:regE|setB                           ; VCC                        ; yes                    ;
; Multiplexor:Mux|currAns[0]                          ; Multiplexor:Mux|currAns[7] ; yes                    ;
; Multiplexor:Mux|currAns[1]                          ; Multiplexor:Mux|currAns[7] ; yes                    ;
; Multiplexor:Mux|currAns[2]                          ; Multiplexor:Mux|currAns[7] ; yes                    ;
; Multiplexor:Mux|currAns[3]                          ; Multiplexor:Mux|currAns[7] ; yes                    ;
; Multiplexor:Mux|currAns[4]                          ; Multiplexor:Mux|currAns[7] ; yes                    ;
; Multiplexor:Mux|currAns[5]                          ; Multiplexor:Mux|currAns[7] ; yes                    ;
; Multiplexor:Mux|currAns[6]                          ; Multiplexor:Mux|currAns[7] ; yes                    ;
; Multiplexor:Mux|currAns[7]                          ; Multiplexor:Mux|currAns[7] ; yes                    ;
; Decoder:D|instrC[0]                                 ; GND                        ; yes                    ;
; Decoder:D|instrC[2]                                 ; GND                        ; yes                    ;
; Decoder:D|instrC[1]                                 ; GND                        ; yes                    ;
; bitInverter:toInvert|invertedV[0]                   ; Decoder:D|isSub            ; yes                    ;
; Decoder:D|isSub                                     ; Decoder:D|isSub            ; yes                    ;
; Decoder:D|imm[0]                                    ; Decoder:D|imm[7]           ; yes                    ;
; Decoder:D|instrC[3]                                 ; GND                        ; yes                    ;
; Decoder:D|imm[1]                                    ; Decoder:D|imm[7]           ; yes                    ;
; bitInverter:toInvert|invertedV[1]                   ; Decoder:D|isSub            ; yes                    ;
; Decoder:D|imm[2]                                    ; Decoder:D|imm[7]           ; yes                    ;
; bitInverter:toInvert|invertedV[2]                   ; Decoder:D|isSub            ; yes                    ;
; Decoder:D|imm[3]                                    ; Decoder:D|imm[7]           ; yes                    ;
; bitInverter:toInvert|invertedV[3]                   ; Decoder:D|isSub            ; yes                    ;
; Decoder:D|imm[4]                                    ; Decoder:D|imm[7]           ; yes                    ;
; bitInverter:toInvert|invertedV[4]                   ; Decoder:D|isSub            ; yes                    ;
; Decoder:D|imm[5]                                    ; Decoder:D|imm[7]           ; yes                    ;
; bitInverter:toInvert|invertedV[5]                   ; Decoder:D|isSub            ; yes                    ;
; Decoder:D|imm[6]                                    ; Decoder:D|imm[7]           ; yes                    ;
; bitInverter:toInvert|invertedV[6]                   ; Decoder:D|isSub            ; yes                    ;
; bitInverter:toInvert|invertedV[7]                   ; Decoder:D|isSub            ; yes                    ;
; Decoder:D|imm[7]                                    ; Decoder:D|imm[7]           ; yes                    ;
; Number of user-specified and inferred latches = 31  ;                            ;                        ;
+-----------------------------------------------------+----------------------------+------------------------+
Note: All latches listed above may not be present at the end of synthesis due to various synthesis optimizations.


+------------------------------------------------------+
; General Register Statistics                          ;
+----------------------------------------------+-------+
; Statistic                                    ; Value ;
+----------------------------------------------+-------+
; Total registers                              ; 24    ;
; Number of registers using Synchronous Clear  ; 0     ;
; Number of registers using Synchronous Load   ; 0     ;
; Number of registers using Asynchronous Clear ; 0     ;
; Number of registers using Asynchronous Load  ; 0     ;
; Number of registers using Clock Enable       ; 0     ;
; Number of registers using Preset             ; 0     ;
+----------------------------------------------+-------+


+-------------------------------------------------------------------------------------------------------------------------------------------------------+
; Multiplexer Restructuring Statistics (Restructuring Performed)                                                                                        ;
+--------------------+-----------+---------------+----------------------+------------------------+------------+-----------------------------------------+
; Multiplexer Inputs ; Bus Width ; Baseline Area ; Area if Restructured ; Saving if Restructured ; Registered ; Example Multiplexer Output              ;
+--------------------+-----------+---------------+----------------------+------------------------+------------+-----------------------------------------+
; 3:1                ; 8 bits    ; 16 LEs        ; 8 LEs                ; 8 LEs                  ; No         ; |main|bitInverter:toInvert|bl_valout[4] ;
; 3:1                ; 8 bits    ; 16 LEs        ; 8 LEs                ; 8 LEs                  ; No         ; |main|bitInverter:toInvert|al_valout[2] ;
; 7:1                ; 2 bits    ; 8 LEs         ; 8 LEs                ; 0 LEs                  ; No         ; |main|Decoder:D|instrC[1]               ;
; 8:1                ; 2 bits    ; 10 LEs        ; 10 LEs               ; 0 LEs                  ; No         ; |main|Decoder:D|instrC[3]               ;
; 13:1               ; 6 bits    ; 48 LEs        ; 36 LEs               ; 12 LEs                 ; No         ; |main|Multiplexor:Mux|currAns[2]        ;
+--------------------+-----------+---------------+----------------------+------------------------+------------+-----------------------------------------+


+-----------------------------------------------------------------+
; Port Connectivity Checks: "incrreg:Increment|MBitAddorSub:cout" ;
+------------+-------+----------+---------------------------------+
; Port       ; Type  ; Severity ; Details                         ;
+------------+-------+----------+---------------------------------+
; num1[7..1] ; Input ; Info     ; Stuck at GND                    ;
; num1[0]    ; Input ; Info     ; Stuck at VCC                    ;
; issub      ; Input ; Info     ; Stuck at GND                    ;
+------------+-------+----------+---------------------------------+


+----------------------------------------------------------------------------------------------------------------+
; Port Connectivity Checks: "MBitAddorSub:AddSub|oneBitAdder:Bit7"                                               ;
+------+--------+----------+-------------------------------------------------------------------------------------+
; Port ; Type   ; Severity ; Details                                                                             ;
+------+--------+----------+-------------------------------------------------------------------------------------+
; cout ; Output ; Info     ; Connected to dangling logic. Logic that only feeds a dangling port will be removed. ;
+------+--------+----------+-------------------------------------------------------------------------------------+


+-------------------------------+
; Elapsed Time Per Partition    ;
+----------------+--------------+
; Partition Name ; Elapsed Time ;
+----------------+--------------+
; Top            ; 00:00:01     ;
+----------------+--------------+


+-------------------------------+
; Analysis & Synthesis Messages ;
+-------------------------------+
Info: *******************************************************************
Info: Running Quartus II 64-Bit Analysis & Synthesis
    Info: Version 13.0.1 Build 232 06/12/2013 Service Pack 1 SJ Web Edition
    Info: Processing started: Tue Apr 26 23:28:18 2016
Info: Command: quartus_map --read_settings_files=on --write_settings_files=off instructionCode -c instructionCode
Warning (20028): Parallel compilation is not licensed and has been disabled
Info (12021): Found 2 design units, including 1 entities, in source file mbitaddorsub.vhd
    Info (12022): Found design unit 1: MBitAddorSub-rt1
    Info (12023): Found entity 1: MBitAddorSub
Info (12021): Found 2 design units, including 1 entities, in source file xand.vhd
    Info (12022): Found design unit 1: xand-rtl
    Info (12023): Found entity 1: xand
Info (12021): Found 2 design units, including 1 entities, in source file shiftright.vhd
    Info (12022): Found design unit 1: shiftRight-rtl
    Info (12023): Found entity 1: shiftRight
Info (12021): Found 2 design units, including 1 entities, in source file reg.vhd
    Info (12022): Found design unit 1: reg-rtl
    Info (12023): Found entity 1: reg
Info (12021): Found 2 design units, including 1 entities, in source file movertr.vhd
    Info (12022): Found design unit 1: movertr-rtl
    Info (12023): Found entity 1: movertr
Info (12021): Found 2 design units, including 1 entities, in source file moveimmtr.vhd
    Info (12022): Found design unit 1: moveimmtr-rtl
    Info (12023): Found entity 1: moveimmtr
Info (12021): Found 2 design units, including 1 entities, in source file incrreg.vhd
    Info (12022): Found design unit 1: incrreg-rtl
    Info (12023): Found entity 1: incrreg
Info (12021): Found 2 design units, including 1 entities, in source file eor.vhd
    Info (12022): Found design unit 1: eOr-rtl
    Info (12023): Found entity 1: eOr
Info (12021): Found 2 design units, including 1 entities, in source file multiplexor.vhd
    Info (12022): Found design unit 1: Multiplexor-rtl
    Info (12023): Found entity 1: Multiplexor
Info (12021): Found 2 design units, including 1 entities, in source file registerenabler.vhd
    Info (12022): Found design unit 1: registerEnabler-rtl
    Info (12023): Found entity 1: registerEnabler
Info (12021): Found 2 design units, including 1 entities, in source file regmux.vhd
    Info (12022): Found design unit 1: regMux-rtl
    Info (12023): Found entity 1: regMux
Info (12021): Found 2 design units, including 1 entities, in source file decoder.vhd
    Info (12022): Found design unit 1: Decoder-rtl
    Info (12023): Found entity 1: Decoder
Info (12021): Found 2 design units, including 1 entities, in source file bitinverter.vhd
    Info (12022): Found design unit 1: bitInverter-rtl
    Info (12023): Found entity 1: bitInverter
Info (12021): Found 2 design units, including 1 entities, in source file main.vhd
    Info (12022): Found design unit 1: main-rt1
    Info (12023): Found entity 1: main
Info (12021): Found 2 design units, including 1 entities, in source file regmux2.vhd
    Info (12022): Found design unit 1: regMux2-rtl
    Info (12023): Found entity 1: regMux2
Info (12021): Found 2 design units, including 1 entities, in source file processtodisplay.vhd
    Info (12022): Found design unit 1: processToDisplay-rtl
    Info (12023): Found entity 1: processToDisplay
Info (12127): Elaborating entity "main" for the top level hierarchy
Info (12128): Elaborating entity "Decoder" for hierarchy "Decoder:D"
Warning (10492): VHDL Process Statement warning at Decoder.vhd(38): signal "firstFour" is read inside the Process Statement but isn't in the Process Statement's sensitivity list
Warning (10492): VHDL Process Statement warning at Decoder.vhd(44): signal "reg" is read inside the Process Statement but isn't in the Process Statement's sensitivity list
Warning (10631): VHDL Process Statement warning at Decoder.vhd(51): inferring latch(es) for signal or variable "instrC", which holds its previous value in one or more paths through the process
Warning (10631): VHDL Process Statement warning at Decoder.vhd(51): inferring latch(es) for signal or variable "isSub", which holds its previous value in one or more paths through the process
Warning (10631): VHDL Process Statement warning at Decoder.vhd(51): inferring latch(es) for signal or variable "imm", which holds its previous value in one or more paths through the process
Info (10041): Inferred latch for "imm[0]" at Decoder.vhd(51)
Info (10041): Inferred latch for "imm[1]" at Decoder.vhd(51)
Info (10041): Inferred latch for "imm[2]" at Decoder.vhd(51)
Info (10041): Inferred latch for "imm[3]" at Decoder.vhd(51)
Info (10041): Inferred latch for "imm[4]" at Decoder.vhd(51)
Info (10041): Inferred latch for "imm[5]" at Decoder.vhd(51)
Info (10041): Inferred latch for "imm[6]" at Decoder.vhd(51)
Info (10041): Inferred latch for "imm[7]" at Decoder.vhd(51)
Info (10041): Inferred latch for "isSub" at Decoder.vhd(51)
Info (10041): Inferred latch for "instrC[0]" at Decoder.vhd(51)
Info (10041): Inferred latch for "instrC[1]" at Decoder.vhd(51)
Info (10041): Inferred latch for "instrC[2]" at Decoder.vhd(51)
Info (10041): Inferred latch for "instrC[3]" at Decoder.vhd(51)
Info (12128): Elaborating entity "registerEnabler" for hierarchy "registerEnabler:regE"
Warning (10631): VHDL Process Statement warning at registerEnabler.vhd(22): inferring latch(es) for signal or variable "setA", which holds its previous value in one or more paths through the process
Warning (10631): VHDL Process Statement warning at registerEnabler.vhd(22): inferring latch(es) for signal or variable "setB", which holds its previous value in one or more paths through the process
Info (10041): Inferred latch for "setB" at registerEnabler.vhd(22)
Info (10041): Inferred latch for "setA" at registerEnabler.vhd(22)
Info (12128): Elaborating entity "bitInverter" for hierarchy "bitInverter:toInvert"
Warning (10492): VHDL Process Statement warning at bitInverter.vhd(34): signal "invertedV" is read inside the Process Statement but isn't in the Process Statement's sensitivity list
Warning (10492): VHDL Process Statement warning at bitInverter.vhd(39): signal "invertedV" is read inside the Process Statement but isn't in the Process Statement's sensitivity list
Warning (10631): VHDL Process Statement warning at bitInverter.vhd(27): inferring latch(es) for signal or variable "invertedV", which holds its previous value in one or more paths through the process
Info (10041): Inferred latch for "invertedV[0]" at bitInverter.vhd(27)
Info (10041): Inferred latch for "invertedV[1]" at bitInverter.vhd(27)
Info (10041): Inferred latch for "invertedV[2]" at bitInverter.vhd(27)
Info (10041): Inferred latch for "invertedV[3]" at bitInverter.vhd(27)
Info (10041): Inferred latch for "invertedV[4]" at bitInverter.vhd(27)
Info (10041): Inferred latch for "invertedV[5]" at bitInverter.vhd(27)
Info (10041): Inferred latch for "invertedV[6]" at bitInverter.vhd(27)
Info (10041): Inferred latch for "invertedV[7]" at bitInverter.vhd(27)
Info (12128): Elaborating entity "MBitAddorSub" for hierarchy "MBitAddorSub:AddSub"
Warning (12125): Using design file onebitadder.vhd, which is not specified as a design file for the current project, but contains definitions for 2 design units and 1 entities in project
    Info (12022): Found design unit 1: oneBitAdder-rt1
    Info (12023): Found entity 1: oneBitAdder
Info (12128): Elaborating entity "oneBitAdder" for hierarchy "MBitAddorSub:AddSub|oneBitAdder:Bit0"
Info (12128): Elaborating entity "xand" for hierarchy "xand:AlandBl"
Info (12128): Elaborating entity "regMux2" for hierarchy "regMux2:decideReg"
Info (12128): Elaborating entity "movertr" for hierarchy "movertr:MoveToReg1"
Info (12128): Elaborating entity "eOr" for hierarchy "eOr:orReg"
Info (12128): Elaborating entity "regMux" for hierarchy "regMux:wRegPass"
Info (12128): Elaborating entity "incrreg" for hierarchy "incrreg:Increment"
Warning (12125): Using design file shiftleft.vhd, which is not specified as a design file for the current project, but contains definitions for 2 design units and 1 entities in project
    Info (12022): Found design unit 1: shiftLeft-rtl
    Info (12023): Found entity 1: shiftLeft
Info (12128): Elaborating entity "shiftLeft" for hierarchy "shiftLeft:shiftL"
Info (12128): Elaborating entity "shiftRight" for hierarchy "shiftRight:shiftR"
Info (12128): Elaborating entity "moveimmtr" for hierarchy "moveimmtr:ImmtoReg"
Info (12128): Elaborating entity "Multiplexor" for hierarchy "Multiplexor:Mux"
Warning (10492): VHDL Process Statement warning at Multiplexor.vhd(36): signal "addorsub" is read inside the Process Statement but isn't in the Process Statement's sensitivity list
Warning (10492): VHDL Process Statement warning at Multiplexor.vhd(39): signal "xand" is read inside the Process Statement but isn't in the Process Statement's sensitivity list
Warning (10492): VHDL Process Statement warning at Multiplexor.vhd(42): signal "mov" is read inside the Process Statement but isn't in the Process Statement's sensitivity list
Warning (10492): VHDL Process Statement warning at Multiplexor.vhd(45): signal "incre" is read inside the Process Statement but isn't in the Process Statement's sensitivity list
Warning (10492): VHDL Process Statement warning at Multiplexor.vhd(48): signal "Eor" is read inside the Process Statement but isn't in the Process Statement's sensitivity list
Warning (10492): VHDL Process Statement warning at Multiplexor.vhd(51): signal "shl" is read inside the Process Statement but isn't in the Process Statement's sensitivity list
Warning (10492): VHDL Process Statement warning at Multiplexor.vhd(54): signal "shr" is read inside the Process Statement but isn't in the Process Statement's sensitivity list
Warning (10492): VHDL Process Statement warning at Multiplexor.vhd(57): signal "movimm" is read inside the Process Statement but isn't in the Process Statement's sensitivity list
Warning (10631): VHDL Process Statement warning at Multiplexor.vhd(31): inferring latch(es) for signal or variable "currAns", which holds its previous value in one or more paths through the process
Info (10041): Inferred latch for "currAns[0]" at Multiplexor.vhd(31)
Info (10041): Inferred latch for "currAns[1]" at Multiplexor.vhd(31)
Info (10041): Inferred latch for "currAns[2]" at Multiplexor.vhd(31)
Info (10041): Inferred latch for "currAns[3]" at Multiplexor.vhd(31)
Info (10041): Inferred latch for "currAns[4]" at Multiplexor.vhd(31)
Info (10041): Inferred latch for "currAns[5]" at Multiplexor.vhd(31)
Info (10041): Inferred latch for "currAns[6]" at Multiplexor.vhd(31)
Info (10041): Inferred latch for "currAns[7]" at Multiplexor.vhd(31)
Info (12128): Elaborating entity "reg" for hierarchy "reg:Temp"
Info (12128): Elaborating entity "processToDisplay" for hierarchy "processToDisplay:DisPro"
Warning (10492): VHDL Process Statement warning at processToDisplay.vhd(29): signal "rightMBs" is read inside the Process Statement but isn't in the Process Statement's sensitivity list
Warning (10492): VHDL Process Statement warning at processToDisplay.vhd(37): signal "rightMBs" is read inside the Process Statement but isn't in the Process Statement's sensitivity list
Warning (10492): VHDL Process Statement warning at processToDisplay.vhd(45): signal "rightMBs" is read inside the Process Statement but isn't in the Process Statement's sensitivity list
Warning (10492): VHDL Process Statement warning at processToDisplay.vhd(53): signal "rightMBs" is read inside the Process Statement but isn't in the Process Statement's sensitivity list
Warning (10492): VHDL Process Statement warning at processToDisplay.vhd(61): signal "rightMBs" is read inside the Process Statement but isn't in the Process Statement's sensitivity list
Warning (10492): VHDL Process Statement warning at processToDisplay.vhd(69): signal "rightMBs" is read inside the Process Statement but isn't in the Process Statement's sensitivity list
Warning (10492): VHDL Process Statement warning at processToDisplay.vhd(77): signal "rightMBs" is read inside the Process Statement but isn't in the Process Statement's sensitivity list
Warning (10492): VHDL Process Statement warning at processToDisplay.vhd(85): signal "rightMBs" is read inside the Process Statement but isn't in the Process Statement's sensitivity list
Warning (10492): VHDL Process Statement warning at processToDisplay.vhd(93): signal "rightMBs" is read inside the Process Statement but isn't in the Process Statement's sensitivity list
Warning (10492): VHDL Process Statement warning at processToDisplay.vhd(101): signal "rightMBs" is read inside the Process Statement but isn't in the Process Statement's sensitivity list
Warning (10492): VHDL Process Statement warning at processToDisplay.vhd(109): signal "rightMBs" is read inside the Process Statement but isn't in the Process Statement's sensitivity list
Warning (10492): VHDL Process Statement warning at processToDisplay.vhd(117): signal "rightMBs" is read inside the Process Statement but isn't in the Process Statement's sensitivity list
Warning (10492): VHDL Process Statement warning at processToDisplay.vhd(125): signal "rightMBs" is read inside the Process Statement but isn't in the Process Statement's sensitivity list
Warning (10492): VHDL Process Statement warning at processToDisplay.vhd(133): signal "rightMBs" is read inside the Process Statement but isn't in the Process Statement's sensitivity list
Warning (10492): VHDL Process Statement warning at processToDisplay.vhd(141): signal "rightMBs" is read inside the Process Statement but isn't in the Process Statement's sensitivity list
Warning (10492): VHDL Process Statement warning at processToDisplay.vhd(149): signal "rightMBs" is read inside the Process Statement but isn't in the Process Statement's sensitivity list
Warning (10631): VHDL Process Statement warning at processToDisplay.vhd(27): inferring latch(es) for signal or variable "b0", which holds its previous value in one or more paths through the process
Warning (10631): VHDL Process Statement warning at processToDisplay.vhd(27): inferring latch(es) for signal or variable "b1", which holds its previous value in one or more paths through the process
Warning (10631): VHDL Process Statement warning at processToDisplay.vhd(27): inferring latch(es) for signal or variable "b2", which holds its previous value in one or more paths through the process
Warning (10631): VHDL Process Statement warning at processToDisplay.vhd(27): inferring latch(es) for signal or variable "b3", which holds its previous value in one or more paths through the process
Warning (10631): VHDL Process Statement warning at processToDisplay.vhd(27): inferring latch(es) for signal or variable "b4", which holds its previous value in one or more paths through the process
Warning (10631): VHDL Process Statement warning at processToDisplay.vhd(27): inferring latch(es) for signal or variable "b5", which holds its previous value in one or more paths through the process
Warning (10631): VHDL Process Statement warning at processToDisplay.vhd(27): inferring latch(es) for signal or variable "b6", which holds its previous value in one or more paths through the process
Warning (10492): VHDL Process Statement warning at processToDisplay.vhd(164): signal "leftMBs" is read inside the Process Statement but isn't in the Process Statement's sensitivity list
Warning (10492): VHDL Process Statement warning at processToDisplay.vhd(172): signal "leftMBs" is read inside the Process Statement but isn't in the Process Statement's sensitivity list
Warning (10492): VHDL Process Statement warning at processToDisplay.vhd(180): signal "leftMBs" is read inside the Process Statement but isn't in the Process Statement's sensitivity list
Warning (10492): VHDL Process Statement warning at processToDisplay.vhd(188): signal "leftMBs" is read inside the Process Statement but isn't in the Process Statement's sensitivity list
Warning (10492): VHDL Process Statement warning at processToDisplay.vhd(196): signal "leftMBs" is read inside the Process Statement but isn't in the Process Statement's sensitivity list
Warning (10492): VHDL Process Statement warning at processToDisplay.vhd(204): signal "leftMBs" is read inside the Process Statement but isn't in the Process Statement's sensitivity list
Warning (10492): VHDL Process Statement warning at processToDisplay.vhd(212): signal "leftMBs" is read inside the Process Statement but isn't in the Process Statement's sensitivity list
Warning (10492): VHDL Process Statement warning at processToDisplay.vhd(220): signal "leftMBs" is read inside the Process Statement but isn't in the Process Statement's sensitivity list
Warning (10492): VHDL Process Statement warning at processToDisplay.vhd(228): signal "leftMBs" is read inside the Process Statement but isn't in the Process Statement's sensitivity list
Warning (10492): VHDL Process Statement warning at processToDisplay.vhd(236): signal "leftMBs" is read inside the Process Statement but isn't in the Process Statement's sensitivity list
Warning (10492): VHDL Process Statement warning at processToDisplay.vhd(244): signal "leftMBs" is read inside the Process Statement but isn't in the Process Statement's sensitivity list
Warning (10492): VHDL Process Statement warning at processToDisplay.vhd(252): signal "leftMBs" is read inside the Process Statement but isn't in the Process Statement's sensitivity list
Warning (10492): VHDL Process Statement warning at processToDisplay.vhd(260): signal "leftMBs" is read inside the Process Statement but isn't in the Process Statement's sensitivity list
Warning (10492): VHDL Process Statement warning at processToDisplay.vhd(268): signal "leftMBs" is read inside the Process Statement but isn't in the Process Statement's sensitivity list
Warning (10492): VHDL Process Statement warning at processToDisplay.vhd(276): signal "leftMBs" is read inside the Process Statement but isn't in the Process Statement's sensitivity list
Warning (10492): VHDL Process Statement warning at processToDisplay.vhd(284): signal "leftMBs" is read inside the Process Statement but isn't in the Process Statement's sensitivity list
Warning (10631): VHDL Process Statement warning at processToDisplay.vhd(162): inferring latch(es) for signal or variable "a0", which holds its previous value in one or more paths through the process
Warning (10631): VHDL Process Statement warning at processToDisplay.vhd(162): inferring latch(es) for signal or variable "a1", which holds its previous value in one or more paths through the process
Warning (10631): VHDL Process Statement warning at processToDisplay.vhd(162): inferring latch(es) for signal or variable "a2", which holds its previous value in one or more paths through the process
Warning (10631): VHDL Process Statement warning at processToDisplay.vhd(162): inferring latch(es) for signal or variable "a3", which holds its previous value in one or more paths through the process
Warning (10631): VHDL Process Statement warning at processToDisplay.vhd(162): inferring latch(es) for signal or variable "a4", which holds its previous value in one or more paths through the process
Warning (10631): VHDL Process Statement warning at processToDisplay.vhd(162): inferring latch(es) for signal or variable "a5", which holds its previous value in one or more paths through the process
Warning (10631): VHDL Process Statement warning at processToDisplay.vhd(162): inferring latch(es) for signal or variable "a6", which holds its previous value in one or more paths through the process
Info (10041): Inferred latch for "a6" at processToDisplay.vhd(162)
Info (10041): Inferred latch for "a5" at processToDisplay.vhd(162)
Info (10041): Inferred latch for "a4" at processToDisplay.vhd(162)
Info (10041): Inferred latch for "a3" at processToDisplay.vhd(162)
Info (10041): Inferred latch for "a2" at processToDisplay.vhd(162)
Info (10041): Inferred latch for "a1" at processToDisplay.vhd(162)
Info (10041): Inferred latch for "a0" at processToDisplay.vhd(162)
Info (10041): Inferred latch for "b6" at processToDisplay.vhd(27)
Info (10041): Inferred latch for "b5" at processToDisplay.vhd(27)
Info (10041): Inferred latch for "b4" at processToDisplay.vhd(27)
Info (10041): Inferred latch for "b3" at processToDisplay.vhd(27)
Info (10041): Inferred latch for "b2" at processToDisplay.vhd(27)
Info (10041): Inferred latch for "b1" at processToDisplay.vhd(27)
Info (10041): Inferred latch for "b0" at processToDisplay.vhd(27)
Warning (13012): Latch Multiplexor:Mux|currAns[0] has unsafe behavior
    Warning (13013): Ports D and ENA on the latch are fed by the same signal Decoder:D|instrC[3]
Warning (13012): Latch Multiplexor:Mux|currAns[1] has unsafe behavior
    Warning (13013): Ports D and ENA on the latch are fed by the same signal Decoder:D|instrC[3]
Warning (13012): Latch Multiplexor:Mux|currAns[2] has unsafe behavior
    Warning (13013): Ports D and ENA on the latch are fed by the same signal Decoder:D|instrC[3]
Warning (13012): Latch Multiplexor:Mux|currAns[3] has unsafe behavior
    Warning (13013): Ports D and ENA on the latch are fed by the same signal Decoder:D|instrC[3]
Warning (13012): Latch Multiplexor:Mux|currAns[4] has unsafe behavior
    Warning (13013): Ports D and ENA on the latch are fed by the same signal Decoder:D|instrC[3]
Warning (13012): Latch Multiplexor:Mux|currAns[5] has unsafe behavior
    Warning (13013): Ports D and ENA on the latch are fed by the same signal Decoder:D|instrC[3]
Warning (13012): Latch Multiplexor:Mux|currAns[6] has unsafe behavior
    Warning (13013): Ports D and ENA on the latch are fed by the same signal Decoder:D|instrC[3]
Warning (13012): Latch Multiplexor:Mux|currAns[7] has unsafe behavior
    Warning (13013): Ports D and ENA on the latch are fed by the same signal Decoder:D|instrC[3]
Warning (13012): Latch Decoder:D|isSub has unsafe behavior
    Warning (13013): Ports ENA and CLR on the latch are fed by the same signal instruction[0]
Warning (13012): Latch Decoder:D|imm[0] has unsafe behavior
    Warning (13013): Ports D and ENA on the latch are fed by the same signal instruction[0]
Warning (13012): Latch Decoder:D|imm[1] has unsafe behavior
    Warning (13013): Ports D and ENA on the latch are fed by the same signal instruction[1]
Warning (13012): Latch Decoder:D|imm[2] has unsafe behavior
    Warning (13013): Ports D and ENA on the latch are fed by the same signal instruction[2]
Warning (13012): Latch Decoder:D|imm[3] has unsafe behavior
    Warning (13013): Ports D and ENA on the latch are fed by the same signal instruction[3]
Warning (13012): Latch Decoder:D|imm[4] has unsafe behavior
    Warning (13013): Ports D and ENA on the latch are fed by the same signal instruction[4]
Warning (13012): Latch Decoder:D|imm[5] has unsafe behavior
    Warning (13013): Ports D and ENA on the latch are fed by the same signal instruction[5]
Warning (13012): Latch Decoder:D|imm[6] has unsafe behavior
    Warning (13013): Ports D and ENA on the latch are fed by the same signal instruction[6]
Warning (13012): Latch Decoder:D|imm[7] has unsafe behavior
    Warning (13013): Ports D and ENA on the latch are fed by the same signal instruction[7]
Info (286030): Timing-Driven Synthesis is running
Info (16010): Generating hard_block partition "hard_block:auto_generated_inst"
    Info (16011): Adding 0 node(s), including 0 DDIO, 0 PLL, 0 transceiver and 0 LCELL
Info (21057): Implemented 275 device resources after synthesis - the final resource count might be different
    Info (21058): Implemented 18 input pins
    Info (21059): Implemented 38 output pins
    Info (21061): Implemented 219 logic cells
Info: Quartus II 64-Bit Analysis & Synthesis was successful. 0 errors, 102 warnings
    Info: Peak virtual memory: 543 megabytes
    Info: Processing ended: Tue Apr 26 23:28:23 2016
    Info: Elapsed time: 00:00:05
    Info: Total CPU time (on all processors): 00:00:04


